node.exe : FAIL __tests__/components/Settings/CompanyInfoSettings.t
est.tsx
発生場所 行:1 文字:1
+ & "C:\Program Files\nodejs/node.exe" "C:\Program Files\nodejs/nod
e_mo ...
+ ~~~~~~~~~~~~~~~~~~~~~~~~~~~~~~~~~~~~~~~~~~~~~~~~~~~~~~~~~~~~~~~~~
~~~~
    + CategoryInfo          : NotSpecified: (FAIL __tests__/...tti 
   ngs.test.tsx:String) [], RemoteException
    + FullyQualifiedErrorId : NativeCommandError
 
  CompanyInfoSettings
    竏・should render loading state (13 ms)
    竏・should render company info form (18 ms)
    竏・should update form fields (9 ms)
    竏・should add a bank account (9 ms)
    竏・should remove a bank account (8 ms)
    竏・should handle save (17 ms)
    竏・should handle save error (8 ms)
    ﾃ・should handle image upload (11 ms)

  笳・CompanyInfoSettings 窶ｺ should handle image upload

    TestingLibraryElementError: Unable to find a label with the tex
t of: /莨夂､ｾ蜊ｰ/i

    Ignored nodes: comments, script, style
    [36m<body>[39m
      [36m<div>[39m
        [36m<div[39m
          [33mclass[39m=[32m"space-y-6"[39m
        [36m>[39m
          [36m<h3[39m
            [33mclass[39m=[32m"text-lg font-semibold text-slate-
900"[39m
          [36m>[39m
            [0m莨夂､ｾ諠・ｱ險ｭ螳・[0m
          [36m</h3>[39m
          [36m<div[39m
            [33mclass[39m=[32m"grid grid-cols-1 md:grid-cols-2 g
ap-4"[39m
          [36m>[39m
            [36m<div>[39m
              [36m<label[39m
                [33mclass[39m=[32m"block text-sm font-medium tex
t-gray-700 mb-1"[39m
              [36m>[39m
                [0m莨夂､ｾ蜷・[0m
              [36m</label>[39m
              [36m<input[39m
                [33mclass[39m=[32m"w-full px-3 py-2 border borde
r-slate-300 rounded-md focus:outline-none focus:ring-2 focus:ring-s
late-500"[39m
                [33mtype[39m=[32m"text"[39m
                [33mvalue[39m=[32m"Test Company"[39m
              [36m/>[39m
            [36m</div>[39m
            [36m<div>[39m
              [36m<label[39m
                [33mclass[39m=[32m"block text-sm font-medium tex
t-gray-700 mb-1"[39m
              [36m>[39m
                [0m莉｣陦ｨ閠・か譖ｸ[0m
              [36m</label>[39m
              [36m<input[39m
                [33mclass[39m=[32m"w-full px-3 py-2 border borde
r-slate-300 rounded-md focus:outline-none focus:ring-2 focus:ring-s
late-500"[39m
                [33mplaceholder[39m=[32m"萓具ｼ壻ｻ｣陦ｨ蜿也ｷ蠖ｹ"[39m
                [33mtype[39m=[32m"text"[39m
                [33mvalue[39m=[32m"CEO"[39m
              [36m/>[39m
            [36m</div>[39m
            [36m<div>[39m
              [36m<label[39m
                [33mclass[39m=[32m"block text-sm font-medium tex
t-gray-700 mb-1"[39m
              [36m>[39m
                [0m莉｣陦ｨ閠・ｰ丞錐[0m
              [36m</label>[39m
              [36m<input[39m
                [33mclass[39m=[32m"w-full px-3 py-2 border borde
r-slate-300 rounded-md focus:outline-none focus:ring-2 focus:ring-s
late-500"[39m
                [33mtype[39m=[32m"text"[39m
                [33mvalue[39m=[32m"John Doe"[39m
              [36m/>[39m
            [36m</div>[39m
            [36m<div>[39m
              [36m<label[39m
                [33mclass[39m=[32m"block text-sm font-medium tex
t-gray-700 mb-1"[39m
              [36m>[39m
                [0m驛ｵ萓ｿ逡ｪ蜿ｷ[0m
              [36m</label>[39m
              [36m<input[39m
                [33mclass[39m=[32m"w-full px-3 py-2 border borde
r-slate-300 rounded-md focus:outline-none focus:ring-2 focus:ring-s
late-500"[39m
                [33mplaceholder[39m=[32m"000-0000"[39m
                [33mtype[39m=[32m"text"[39m
                [33mvalue[39m=[32m"123-4567"[39m
              [36m/>[39m
            [36m</div>[39m
            [36m<div>[39m
              [36m<label[39m
                [33mclass[39m=[32m"block text-sm font-medium tex
t-gray-700 mb-1"[39m
              [36m>[39m
                [0m菴乗園[0m
              [36m</label>[39m
              [36m<input[39m
                [33mclass[39m=[32m"w-full px-3 py-2 border borde
r-slate-300 rounded-md focus:outline-none focus:ring-2 focus:ring-s
late-500"[39m
                [33mtype[39m=[32m"text"[39m
                [33mvalue[39m=[32m"Test Address"[39m
              [36m/>[39m
            [36m</div>[39m
            [36m<div>[39m
              [36m<label[39m
                [33mclass[39m=[32m"block text-sm font-medium tex
t-gray-700 mb-1"[39m
              [36m>[39m
                [0m髮ｻ隧ｱ逡ｪ蜿ｷ[0m
              [36m</label>[39m
              [36m<input[39m
                [33mclass[39m=[32m"w-full px-3 py-2 border borde
r-slate-300 rounded-md focus:outline-none focus:ring-2 focus:ring-s
late-500"[39m
                [33mtype[39m=[32m"text"[39m
                [33mvalue[39m=[32m"03-1234-5678"[39m
              [36m/>[39m
            [36m</div>[39m
            [36m<div>[39m
              [36m<label[39m
                [33mclass[39m=[32m"block text-sm font-medium tex
t-gray-700 mb-1"[39m
              [36m>[39m
                [0mFAX逡ｪ蜿ｷ[0m
              [36m</label>[39m
              [36m<input[39m
                [33mclass[39m=[32m"w-full px-3 py-2 border borde
r-slate-300 rounded-md focus:outline-none focus:ring-2 focus:ring-s
late-500"[39m
                [33mtype[39m=[32m"text"[39m
                [33mvalue[39m=[32m"03-1234-5679"[39m
              [36m/>[39m
            [36m</div>[39m
            [36m<div>[39m
              [36m<label[39m
                [33mclass[39m=[32m"block text-sm font-medium tex
t-gray-700 mb-1"[39m
              [36m>[39m
                [0m繝｡繝ｼ繝ｫ繧｢繝峨Ξ繧ｹ[0m
              [36m</label>[39m
              [36m<input[39m
                [33mclass[39m=[32m"w-full px-3 py-2 border borde
r-slate-300 rounded-md focus:outline-none focus:ring-2 focus:ring-s
late-500"[39m
                [33mtype[39m=[32m"email"[39m
                [33mvalue[39m=[32m"info@test.com"[39m
              [36m/>[39m
            [36m</div>[39m
          [36m</div>[39m
          [36m<div[39m
            [33mclass[39m=[32m"border-t pt-4"[39m
          [36m>[39m
            [36m<h4[39m
              [33mclass[39m=[32m"text-md font-medium text-slate-
800 mb-3"[39m
            [36m>[39m
              [0m險ｱ蜿ｯ繝ｻ逋ｻ骭ｲ諠・ｱ[0m
            [36m</h4>[39m
            [36m<div[39m
              [33mclass[39m=[32m"grid grid-cols-1 md:grid-cols-2
 gap-4"[39m
            [36m>[39m
              [36m<div>[39m
                [36m<label[39m
                  [33mclass[39m=[32m"block text-sm font-medium t
ext-gray-700 mb-1"[39m
                [36m>[39m
                  [0m蟒ｺ險ｭ讌ｭ險ｱ蜿ｯ逡ｪ蜿ｷ[0m
                [36m</label>[39m
                [36m<input[39m
                  [33mclass[39m=[32m"w-full px-3 py-2 border bor
der-slate-300 rounded-md focus:outline-none focus:ring-2 focus:ring
-slate-500"[39m
                  [33mplaceholder[39m=[32m"萓具ｼ壽・蟐帷恁遏･莠・險ｱ蜿ｯ・郁握-6
・・隨ｬ17335蜿ｷ"[39m
                  [33mtype[39m=[32m"text"[39m
                  [33mvalue[39m=[32m"License 123"[39m
                [36m/>[39m
              [36m</div>[39m
              [36m<div>[39m
                [36m<label[39m
                  [33mclass[39m=[32m"block text-sm font-medium t
ext-gray-700 mb-1"[39m
                [36m>[39m
                  [0m繧､繝ｳ繝懊う繧ｹ逋ｻ骭ｲ逡ｪ蜿ｷ[0m
                [36m</label>[39m
                [36m<input[39m
                  [33mclass[39m=[32m"w-full px-3 py-2 border bor
der-slate-300 rounded-md focus:outline-none focus:ring-2 focus:ring
-slate-500"[39m
                  [33mplaceholder[39m=[32m"萓具ｼ啜8500001018289"[3
9m
                  [33mtype[39m=[32m"text"[39m
                  [33mvalue[39m=[32m"T123456"[39m
                [36m/>[39m
              [36m</div>[39m
            [36m</div>[39m
          [36m</div>[39m
          [36m<div[39m
            [33mclass[39m=[32m"border-t pt-4"[39m
          [36m>[39m
            [36m<h4[39m
              [33mclass[39m=[32m"text-md font-medium text-slate-
800 mb-3"[39m
            [36m>[39m
              [0m莨夂､ｾ蜊ｰ[0m
            [36m</h4>[39m
            [36m<div[39m
              [33mclass[39m=[32m"flex items-start gap-4"[39m
            [36m>[39m
              [36m<div[39m
                [33mclass[39m=[32m"flex-1"[39m
              [36m>[39m
                [36m<input[39m
                  [33maccept[39m=[32m"image/*"[39m
                  [33mclass[39m=[32m"text-sm"[39m
                  [33mtype[39m=[32m"file"[39m
                [36m/>[39m
                [36m<p[39m
                  [33mclass[39m=[32m"text-xs text-gray-500 mt-1"
[39m
                [36m>[39m
                  [0mPNG/JPG謗ｨ螂ｨ縲∬レ譎ｯ騾城℃PNG謗ｨ螂ｨ[0m
                [36m</p>[39m
              [36m</div>[39m
            [36m</div>[39m
          [36m</div>[39m
          [36m<div[39m
            [33mclass[39m=[32m"border-t pt-4"[39m
          [36m>[39m
            [36m<div[39m
              [33mclass[39m=[32m"flex items-center justify-betwe
en mb-3"[39m
            [36m>[39m
              [36m<h4[39m
                [33mclass[39m=[32m"text-md font-medium text-slat
e-800"[39m
              [36m>[39m
                [0m謖ｯ霎ｼ蜈亥哨蠎ｧ[0m
              [36m</h4>[39m
              [36m<button[39m
                [33mclass[39m=[32m"flex items-center gap-1 px-3 
py-1 text-sm bg-slate-100 hover:bg-slate-200 rounded-md transition-
colors"[39m
              [36m>[39m
                [36m<span[39m
                  [33mdata-testid[39m=[32m"icon-plus"[39m
                [36m/>[39m
                [0m蜿｣蠎ｧ霑ｽ蜉[0m
              [36m</button>[39m
            [36m</div>[39m
            [36m<div[39m
              [33mclass[39m=[32m"space-y-3"[39m
            [36m>[39m
              [36m<div[39m
                [33mclass[39m=[32m"flex items-center gap-2 p-3 b
g-slate-50 rounded-lg"[39m
              [36m>[39m
                [36m<input[39m
                  [33mclass[39m=[32m"w-28 px-2 py-1 border borde
r-slate-300 rounded-md text-sm"[39m
                  [33mplaceholder[39m=[32m"驫陦悟錐"[39m
                  [33mtype[39m=[32m"text"[39m
                  [33mvalue[39m=[32m"Bank A"[39m
                [36m/>[39m
                [36m<input[39m
                  [33mclass[39m=[32m"w-24 px-2 py-1 border borde
r-slate-300 rounded-md text-sm"[39m
                  [33mplaceholder[39m=[32m"謾ｯ蠎怜錐"[39m
                  [33mtype[39m=[32m"text"[39m
                  [33mvalue[39m=[32m"Branch 1"[39m
                [36m/>[39m
                [36m<select[39m
                  [33mclass[39m=[32m"w-16 px-2 py-1 border borde
r-slate-300 rounded-md text-sm"[39m
                [36m>[39m
                  [36m<option[39m
                    [33mvalue[39m=[32m"譎ｮ"[39m
                  [36m>[39m
                    [0m譎ｮ騾・[0m
                  [36m</option>[39m
                  [36m<option[39m
                    [33mvalue[39m=[32m"蠖・[39m
                  [36m>[39m
                    [0m蠖灘ｺｧ[0m
                  [36m</option>[39m
                [36m</select>[39m
                [36m<input[39m
                  [33mclass[39m=[32m"w-28 px-2 py-1 border borde
r-slate-300 rounded-md text-sm"[39m
                  [33mplaceholder[39m=[32m"蜿｣蠎ｧ逡ｪ蜿ｷ"[39m
                  [33mtype[39m=[32m"text"[39m
                  [33mvalue[39m=[32m"123456"[39m
                [36m/>[39m
                [36m<button[39m
                  [33mclass[39m=[32m"p-1 text-red-500 hover:bg-r
ed-50 rounded-md"[39m
                [36m>[39m
                  [36m<span[39m
                    [33mdata-testid[39m=[32m"icon-trash"[39m
                  [36m/>[39m
                [36m</button>[39m
              [36m</div>[39m
            [36m</div>[39m
          [36m</div>[39m
          [36m<div[39m
            [33mclass[39m=[32m"border-t pt-4"[39m
          [36m>[39m
            [36m<button[39m
              [33mclass[39m=[32m"flex items-center gap-2 px-6 py
-2 bg-gradient-to-r from-slate-700 to-slate-600 text-white rounded-
md hover:from-slate-800 hover:to-slate-700 transition-all duration-
200 font-medium shadow-md hover:shadow-lg disabled:opacity-50"[39m
            [36m>[39m
              [36m<span[39m
                [33mdata-testid[39m=[32m"icon-save"[39m
              [36m/>[39m
              [0m菫晏ｭ・[0m
            [36m</button>[39m
          [36m</div>[39m
        [36m</div>[39m
      [36m</div>[39m
    [36m</body>[39m

    [0m [90m 131 |[39m
     [90m 132 |[39m         [36mconst[39m file [33m=[39m [36
mnew[39m [33mFile[39m([[32m'(竚絶味_笆｡)'[39m][33m,[39m [32m'se
al.png'[39m[33m,[39m { type[33m:[39m [32m'image/png'[39m })
[33m;[39m
    [31m[1m>[22m[39m[90m 133 |[39m         [36mconst[39m in
put [33m=[39m screen[33m.[39mgetByLabelText([35m/莨夂､ｾ蜊ｰ/i[39m
[33m,[39m { selector[33m:[39m [32m'input[type="file"]'[39m })
[33m;[39m [90m// Implicit association check might be tricky with
out ID, using selector[39m
     [90m     |[39m                              [31m[1m^[22m
[39m
     [90m 134 |[39m
     [90m 135 |[39m         [90m// Finding file input manually[
39m
     [90m 136 |[39m         [36mconst[39m fileInput [33m=[39m
 document[33m.[39mquerySelector([32m'input[type="file"]'[39m) 
[36mas[39m [33mHTMLInputElement[39m[33m;[39m[0m

      at Object.getElementError (node_modules/@testing-library/dom/
dist/config.js:37:19)
      at getAllByLabelText (node_modules/@testing-library/dom/dist/
queries/label-text.js:111:38)
      at node_modules/@testing-library/dom/dist/query-helpers.js:52
:17
      at node_modules/@testing-library/dom/dist/query-helpers.js:95
:19
      at Object.getByLabelText (__tests__/components/Settings/Compa
nyInfoSettings.test.tsx:133:30)

Test Suites: 1 failed, 1 total
Tests:       1 failed, 7 passed, 8 total
Snapshots:   0 total
Time:        0.928 s, estimated 1 s
Ran all test suites matching __tests__/components/Settings/CompanyI
nfoSettings.test.tsx.
