components/ProjectMaster/ProjectMasterDetailModal.tsx(33,9): error TS2353: Object literal may only specify known properties, and 'assemblyDate' does not exist in type 'ProjectMasterFormData'.
